=== cold clone from committed HEAD (e6/wo-6.5) ===
cloned f2f8947
Scope: all 11 workspace projects
Lockfile is up to date, resolution step is skipped
Progress: resolved 1, reused 0, downloaded 0, added 0
Packages: +678
++++++++++++++++++++++++++++++++++++++++++++++++++++++++++++++++++++++++++++++++
Progress: resolved 678, reused 678, downloaded 0, added 0
Progress: resolved 678, reused 678, downloaded 0, added 1
Progress: resolved 678, reused 678, downloaded 0, added 412
Progress: resolved 678, reused 678, downloaded 0, added 678, done

dependencies:
+ @platform/contracts 0.9.0
+ @platform/i18n 0.9.0
+ @platform/kernel-types 0.9.0
+ @platform/ui-tokens 0.9.0

devDependencies:
+ @platform/certification 0.9.0
+ @types/node 22.20.1
+ turbo 2.10.4
+ typescript 5.9.3
+ vitest 3.2.7

╭ Warning ─────────────────────────────────────────────────────────────────────╮
│                                                                              │
│   Ignored build scripts: esbuild@0.25.12, esbuild@0.28.1, sharp@0.34.5,      │
│   workerd@1.20260708.1.                                                      │
│   Run "pnpm approve-builds" to pick which dependencies should be allowed     │
│   to run scripts.                                                            │
│                                                                              │
╰──────────────────────────────────────────────────────────────────────────────╯
Done in 39.1s using pnpm v10.33.0
INSTALL_EXIT=0
expo-file-system in cold clone: 19.0.23
=== COLD-CLONE android export ===
Starting Metro Bundler
warning: Bundler cache is empty, rebuilding (this may take a minute)
Android apps/supplier-app/index.ts ▓░░░░░░░░░░░░░░░  9.8% (13/44)
Android apps/supplier-app/index.ts ▓▓▓▓░░░░░░░░░░░░ 26.9% (164/316)
Android apps/supplier-app/index.ts ▓▓▓▓▓▓▓▓▓▓▓▓▓░░░ 86.7% (513/552)
Android apps/supplier-app/index.ts ▓▓▓▓▓▓▓▓▓▓▓▓▓▓▓░ 96.7% (797/818)
Android apps/supplier-app/index.ts ▓▓▓▓▓▓▓▓▓▓▓▓▓▓▓░ 99.9% (827/827)
Android Bundled 17608ms apps/supplier-app/index.ts (827 modules)
Android apps/supplier-app/index.ts ▓▓▓▓▓▓▓▓▓▓▓▓▓▓▓░ 99.9% (827/827)

› android bundles (1):
_expo/static/js/android/index-c35b638abd9ce9edd96cd60497586ffc.hbc (2.75 MB)

› Files (1):
metadata.json (150 B)

Exported: /tmp/cc5o-android.Janb
android_EXIT=0
=== COLD-CLONE ios export ===
Starting Metro Bundler
warning: Bundler cache is empty, rebuilding (this may take a minute)
iOS apps/supplier-app/index.ts ▓░░░░░░░░░░░░░░░ 10.3% ( 68/212)
iOS apps/supplier-app/index.ts ▓▓▓▓▓▓▓▓▓▓▓░░░░░ 74.0% (431/501)
iOS apps/supplier-app/index.ts ▓▓▓▓▓▓▓▓▓▓▓▓▓▓░░ 88.2% (606/743)
iOS apps/supplier-app/index.ts ▓▓▓▓▓▓▓▓▓▓▓▓▓▓▓░ 99.9% (829/829)
iOS Bundled 15671ms apps/supplier-app/index.ts (829 modules)
iOS apps/supplier-app/index.ts ▓▓▓▓▓▓▓▓▓▓▓▓▓▓▓░ 99.9% (829/829)

› ios bundles (1):
_expo/static/js/ios/index-fe6768b65a92ba0219b3c89f3f019c19.hbc (2.74 MB)

› Files (1):
metadata.json (142 B)

Exported: /tmp/cc5o-ios.dx1f
ios_EXIT=0
